# Tests graph creation/viewing of a graph
# with no nodes.

# Creates a graph
created graph graph1

# Print the nodes in the graph and the outgoing edges from n1
graph1 contains:
