# Tests acyclic graph creation/viewing of a graph
# with 2 node, 0 edge

created graph graph1

added node n1 to graph1
added node n2 to graph1

graph1 contains: n1 n2

the children of n1 in graph1 are:
the children of n2 in graph1 are:
