# Tests acyclic graph creation/viewing of a graph
# with 1 node

created graph1

added node n1 to graph1

graph1 contains: n1