# Tests graph creation/viewing with an empty graph

#Create a graph
created graph graph1

#Print the nodes in the graph
graph1 contains: