# Find a path with Dijkstra's algorithm when
# the start or dest node is not in the graph.

created graph graph8

added node S to graph8
added node 1 to graph8
added node 2 to graph8
added node D to graph8

added edge 1.000 from S to 1 in graph8
added edge 1.000 from S to 2 in graph8
added edge 1.000 from 1 to D in graph8
added edge 1.000 from 2 to D in graph8

unknown: 3

unknown: 3

unknown: 3
unknown: 4
